../Core/Src/main.c:59:6:toggle_left_leds	8	static
../Core/Src/main.c:64:6:toggle_right_leds	8	static
../Core/Src/main.c:69:6:toggle_all_leds	8	static
../Core/Src/main.c:74:6:set_left_leds	16	static
../Core/Src/main.c:79:6:set_right_leds	16	static
../Core/Src/main.c:84:6:HAL_GPIO_EXTI_Callback	16	static
../Core/Src/main.c:113:5:main	8	static
../Core/Src/main.c:173:6:SystemClock_Config	72	static
../Core/Src/main.c:210:13:MX_GPIO_Init	32	static
../Core/Src/main.c:260:6:Error_Handler	4	static,ignoring_inline_asm
