../Core/Src/main.c:28:6:toggle_left_leds	8	static
../Core/Src/main.c:33:6:toggle_right_leds	8	static
../Core/Src/main.c:38:6:toggle_all_leds	8	static
../Core/Src/main.c:43:6:set_left_leds	16	static
../Core/Src/main.c:48:6:set_right_leds	16	static
../Core/Src/main.c:53:6:HAL_GPIO_EXTI_Callback	16	static
../Core/Src/main.c:110:5:main	8	static
../Core/Src/main.c:171:6:SystemClock_Config	72	static
../Core/Src/main.c:208:13:MX_GPIO_Init	32	static
../Core/Src/main.c:258:6:Error_Handler	4	static,ignoring_inline_asm
